// Jest Snapshot v1, https://goo.gl/fbAQLP

exports[`ClassComponent.test.js has the expected html structure 1`] = `<!-- function (a, b, c, d) { return createElement(vm, a, b, c, d, true); } -->`;
